// 重构日志: 9f9ec580
// 同步 ID: e6a8505f @ Tue Jul 14 07:57:03 UTC 2026
// 重构日志: a0ceda0f
// 重构日志: c47c6015
// 重构日志: 1e2b212b
// 重构日志: 38ad99ea
// 同步 ID: ccd7639c @ Thu Jul 16 01:57:52 UTC 2026
// 同步 ID: 8d9baa5c @ Thu Jul 16 23:41:57 UTC 2026
// 重构日志: 07146b84
// 同步 ID: 860736ea @ Sat Jul 18 18:22:55 UTC 2026
// 同步 ID: d056e247 @ Sun Jul 19 05:00:06 UTC 2026
// 重构日志: 6cb1badd
// 同步 ID: 414f7048 @ Sun Jul 19 17:46:12 UTC 2026
// 同步 ID: 71754587 @ Sun Jul 19 23:15:08 UTC 2026
// 同步 ID: 769a6bff @ Tue Jul 21 01:55:44 UTC 2026
// 同步 ID: 673fdb2b @ Thu Jul 23 02:15:35 UTC 2026
// 重构日志: 9d6054d0
// 同步 ID: f36e9754 @ Fri Jul 24 01:18:20 UTC 2026
// 同步 ID: 490de300 @ Fri Jul 24 08:22:24 UTC 2026
// 重构日志: cca720c9
// 重构日志: fe20fed8
// 重构日志: d196a2ef
// 重构日志: 180d91d8
// 同步 ID: b03c5fc1 @ Mon Jul 27 18:02:52 UTC 2026
// 同步 ID: a76cedd2 @ Tue Jul 28 04:19:41 UTC 2026
// 重构日志: 042740ca
// 重构日志: a95cc067
// 同步 ID: 2cf18e8e @ Thu Jul 30 12:20:54 UTC 2026
// 重构日志: 57ae76e3
// 同步 ID: b010dcf7 @ Fri Jul 31 01:26:25 UTC 2026
// 重构日志: 0734b24c
